src/app/doctor/patients/[id]/edit/page.tsx(1,24): error TS2307: Cannot find module '@/lib/prisma' or its corresponding type declarations.
src/app/doctor/patients/[id]/edit/page.tsx(2,28): error TS2307: Cannot find module '@/lib/auth' or its corresponding type declarations.
src/app/doctor/patients/[id]/edit/page.tsx(4,31): error TS2307: Cannot find module '@/components/doctor/PatientEditClient' or its corresponding type declarations.
src/app/doctor/patients/[id]/edit/page.tsx(67,12): error TS17004: Cannot use JSX unless the '--jsx' flag is provided.
